// Jest Snapshot v1, https://goo.gl/fbAQLP

exports[`component files should export components correctly 1`] = `
Array [
  "Animation",
  "AutoComplete",
  "Avatar",
  "Badge",
  "Breadcrumb",
  "Button",
  "ButtonGroup",
  "Calendar",
  "Card",
  "Carousel",
  "Checkbox",
  "CheckboxGroup",
  "Collapse",
  "ColorPicker",
  "ContextMenu",
  "DatePicker",
  "DateTimePicker",
  "Dialog",
  "Drawer",
  "Dropdown",
  "Empty",
  "FileButton",
  "Form",
  "Gallery",
  "Hotkey",
  "Icon",
  "Image",
  "Input",
  "InputNumber",
  "Layout",
  "List",
  "Loader",
  "Loading",
  "Menu",
  "Modal",
  "Notification",
  "Pagination",
  "Password",
  "Popover",
  "Popup",
  "Qrcode",
  "Radio",
  "RadioGroup",
  "Rate",
  "Search",
  "Select",
  "Slider",
  "Switch",
  "Table",
  "Tabs",
  "TextArea",
  "TimePicker",
  "Toast",
  "Tooltip",
  "Tree",
  "Uploader",
  "VideoPlayer",
]
`;
